// Jest Snapshot v1, https://goo.gl/fbAQLP

exports[`renders correctly 1`] = `
<div
  className="character-card relative h-full text-center"
>
  <img
    alt="3-D Man"
    className="w-full h-120 object-cover"
    src="http://i.annihil.us/u/prod/marvel/i/mg/c/e0/535fecbbb9784.jpg"
  />
  <div
    className="absolute bottom-0 left-1/2 transform -translate-x-1/2 w-full bg-white"
  >
    <div
      className="p-4"
    >
      <h5
        className="text-xl font-bold"
      >
        3-D Man
      </h5>
      <div
        className="container-1011334 max-lines"
      >
        <div>
          <p
            className="text-gray-500"
          >
            No superpowers ;(
          </p>
        </div>
      </div>
    </div>
    <div
      className="text-center mb-4"
    >
      <a
        className="text-white bg-blue-500 hover:bg-blue-700 font-bold py-2 px-4 rounded block"
        href="/character/1011334"
        onClick={[Function]}
      >
        Find out more
      </a>
    </div>
  </div>
</div>
`;
