// Jest Snapshot v1, https://goo.gl/fbAQLP

exports[`renders correctly 1`] = `
<div
  className="accordion-character-container border border-gray-200 rounded my-4"
>
  <div
    className="accordion-summary p-4 cursor-pointer"
    data-testid="accordion-summary"
    onClick={[Function]}
  >
    <h4
      className="font-bold"
    >
      title example
    </h4>
  </div>
</div>
`;
